I'm sorry, but errors were detected in your script. Please correct the
errors listed below, and try again.


File "game/script.rpy", line 56: play requires a channel
    play "dokidoki.mp3"
         ^

Ren'Py Version: Ren'Py 8.3.2.24090902
Tue Dec  3 18:01:33 2024
